// Jest Snapshot v1, https://goo.gl/fbAQLP

exports[`Layout renders children correctly 1`] = `
<div>
  <div
    className="root"
  >
    <div
      className={undefined}
      style={
        Object {
          "WebkitTapHighlightColor": "rgba(0,0,0,0)",
          "backgroundColor": "#455A64",
          "borderRadius": "0px",
          "boxShadow": "0 1px 6px rgba(0, 0, 0, 0.12),
                 0 1px 4px rgba(0, 0, 0, 0.12)",
          "boxSizing": "border-box",
          "color": "rgba(0, 0, 0, 0.87)",
          "display": "flex",
          "fontFamily": "Roboto, sans-serif",
          "muiPrepared": true,
          "paddingLeft": 24,
          "paddingRight": 24,
          "position": "relative",
          "transition": "all 450ms cubic-bezier(0.23, 1, 0.32, 1) 0ms",
          "width": "100%",
          "zIndex": 1100,
        }
      }
    >
      <div
        style={
          Object {
            "marginLeft": -16,
            "marginRight": 8,
            "marginTop": 8,
            "muiPrepared": true,
          }
        }
      >
        <a
          disabled={false}
          href="/"
          onBlur={[Function]}
          onClick={[Function]}
          onFocus={[Function]}
          onKeyDown={[Function]}
          onKeyUp={[Function]}
          onMouseEnter={[Function]}
          onMouseLeave={[Function]}
          onMouseOut={[Function]}
          onTouchStart={[Function]}
          style={
            Object {
              "WebkitTapHighlightColor": "rgba(0, 0, 0, 0)",
              "background": "none",
              "border": 10,
              "boxSizing": "border-box",
              "cursor": "pointer",
              "display": "inline-block",
              "fontFamily": "Roboto, sans-serif",
              "fontSize": 0,
              "fontWeight": "inherit",
              "height": 48,
              "margin": 0,
              "muiPrepared": true,
              "outline": "none",
              "overflow": "visible",
              "padding": 12,
              "position": "relative",
              "textDecoration": "none",
              "transition": "all 450ms cubic-bezier(0.23, 1, 0.32, 1) 0ms",
              "verticalAlign": null,
              "width": 48,
            }
          }
          tabIndex={0}
        >
          <div
            onMouseDown={[Function]}
            onMouseLeave={[Function]}
            onMouseUp={[Function]}
            onTouchEnd={[Function]}
            onTouchStart={[Function]}
          >
            <svg
              onMouseEnter={[Function]}
              onMouseLeave={[Function]}
              style={
                Object {
                  "color": "#ffffff",
                  "display": "inline-block",
                  "fill": "#ffffff",
                  "height": 24,
                  "muiPrepared": true,
                  "transition": "all 450ms cubic-bezier(0.23, 1, 0.32, 1) 0ms",
                  "userSelect": "none",
                  "width": 24,
                }
              }
              viewBox="0 0 24 24"
            >
              <path
                d="M10 20v-6h4v6h5v-8h3L12 3 2 12h3v8z"
              />
            </svg>
          </div>
        </a>
      </div>
      <h1
        onClick={[Function]}
        style={
          Object {
            "boxFlex": 1,
            "color": "#ffffff",
            "flex": "1",
            "fontSize": 24,
            "fontWeight": 400,
            "height": 64,
            "letterSpacing": 0,
            "lineHeight": "64px",
            "margin": 0,
            "muiPrepared": true,
            "overflow": "hidden",
            "paddingTop": 0,
            "textOverflow": "ellipsis",
            "whiteSpace": "nowrap",
          }
        }
      >
        
      </h1>
      <div
        style={
          Object {
            "marginLeft": "auto",
            "marginRight": -16,
            "marginTop": 8,
            "muiPrepared": true,
          }
        }
      >
        <div
          className={undefined}
          style={
            Object {
              "WebkitTapHighlightColor": "rgba(0,0,0,0)",
              "backgroundColor": "#ffffff",
              "borderRadius": 2,
              "boxShadow": "0 1px 6px rgba(0, 0, 0, 0.12),
                     0 1px 4px rgba(0, 0, 0, 0.12)",
              "boxSizing": "border-box",
              "color": "rgba(0, 0, 0, 0.87)",
              "display": "inline-block",
              "fontFamily": "Roboto, sans-serif",
              "minWidth": 88,
              "muiPrepared": true,
              "transition": "all 450ms cubic-bezier(0.23, 1, 0.32, 1) 0ms",
            }
          }
        >
          <div
            role="navigation"
          >
            <div>
              <div
                className={undefined}
                style={
                  Object {
                    "WebkitTapHighlightColor": "rgba(0,0,0,0)",
                    "backgroundColor": "#ffffff",
                    "borderRadius": 2,
                    "boxShadow": "0 1px 6px rgba(0, 0, 0, 0.12),
                           0 1px 4px rgba(0, 0, 0, 0.12)",
                    "boxSizing": "border-box",
                    "color": "rgba(0, 0, 0, 0.87)",
                    "display": "inline-block",
                    "fontFamily": "Roboto, sans-serif",
                    "minWidth": 88,
                    "muiPrepared": true,
                    "transition": "all 450ms cubic-bezier(0.23, 1, 0.32, 1) 0ms",
                  }
                }
              >
                <a
                  disabled={false}
                  href="/help"
                  onBlur={[Function]}
                  onClick={[Function]}
                  onFocus={[Function]}
                  onKeyDown={[Function]}
                  onKeyUp={[Function]}
                  onMouseDown={[Function]}
                  onMouseEnter={[Function]}
                  onMouseLeave={[Function]}
                  onMouseUp={[Function]}
                  onTouchEnd={[Function]}
                  onTouchStart={[Function]}
                  style={
                    Object {
                      "WebkitTapHighlightColor": "rgba(0, 0, 0, 0)",
                      "backgroundColor": "#ffffff",
                      "border": 10,
                      "borderRadius": 2,
                      "boxSizing": "border-box",
                      "cursor": "pointer",
                      "display": "inline-block",
                      "fontFamily": "Roboto, sans-serif",
                      "fontSize": "inherit",
                      "fontWeight": "inherit",
                      "height": 36,
                      "lineHeight": "36px",
                      "margin": 0,
                      "muiPrepared": true,
                      "outline": "none",
                      "padding": 0,
                      "position": "relative",
                      "textAlign": "center",
                      "textDecoration": "none",
                      "transition": "all 450ms cubic-bezier(0.23, 1, 0.32, 1) 0ms",
                      "verticalAlign": null,
                      "width": "100%",
                    }
                  }
                  tabIndex={0}
                >
                  <div
                    onMouseDown={[Function]}
                    onMouseLeave={[Function]}
                    onMouseUp={[Function]}
                    onTouchEnd={[Function]}
                    onTouchStart={[Function]}
                  >
                    <div
                      style={
                        Object {
                          "backgroundColor": false,
                          "borderRadius": 2,
                          "height": 36,
                          "muiPrepared": true,
                          "top": 0,
                          "transition": "all 450ms cubic-bezier(0.23, 1, 0.32, 1) 0ms",
                        }
                      }
                    >
                      <span
                        style={
                          Object {
                            "color": "rgba(0, 0, 0, 0.87)",
                            "fontSize": 14,
                            "fontWeight": 500,
                            "letterSpacing": 0,
                            "margin": 0,
                            "muiPrepared": true,
                            "opacity": 1,
                            "paddingLeft": 16,
                            "paddingRight": 16,
                            "position": "relative",
                            "textTransform": "uppercase",
                            "userSelect": "none",
                          }
                        }
                      >
                        help
                      </span>
                    </div>
                  </div>
                </a>
              </div>
              <span
                className="spacer"
              />
              <div
                className={undefined}
                style={
                  Object {
                    "WebkitTapHighlightColor": "rgba(0,0,0,0)",
                    "backgroundColor": "#ffffff",
                    "borderRadius": 2,
                    "boxShadow": "0 1px 6px rgba(0, 0, 0, 0.12),
                           0 1px 4px rgba(0, 0, 0, 0.12)",
                    "boxSizing": "border-box",
                    "color": "rgba(0, 0, 0, 0.87)",
                    "display": "inline-block",
                    "fontFamily": "Roboto, sans-serif",
                    "minWidth": 88,
                    "muiPrepared": true,
                    "transition": "all 450ms cubic-bezier(0.23, 1, 0.32, 1) 0ms",
                  }
                }
              >
                <a
                  disabled={false}
                  href="/login"
                  onBlur={[Function]}
                  onClick={[Function]}
                  onFocus={[Function]}
                  onKeyDown={[Function]}
                  onKeyUp={[Function]}
                  onMouseDown={[Function]}
                  onMouseEnter={[Function]}
                  onMouseLeave={[Function]}
                  onMouseUp={[Function]}
                  onTouchEnd={[Function]}
                  onTouchStart={[Function]}
                  style={
                    Object {
                      "WebkitTapHighlightColor": "rgba(0, 0, 0, 0)",
                      "backgroundColor": "#ffffff",
                      "border": 10,
                      "borderRadius": 2,
                      "boxSizing": "border-box",
                      "cursor": "pointer",
                      "display": "inline-block",
                      "fontFamily": "Roboto, sans-serif",
                      "fontSize": "inherit",
                      "fontWeight": "inherit",
                      "height": 36,
                      "lineHeight": "36px",
                      "margin": 0,
                      "muiPrepared": true,
                      "outline": "none",
                      "padding": 0,
                      "position": "relative",
                      "textAlign": "center",
                      "textDecoration": "none",
                      "transition": "all 450ms cubic-bezier(0.23, 1, 0.32, 1) 0ms",
                      "verticalAlign": null,
                      "width": "100%",
                    }
                  }
                  tabIndex={0}
                >
                  <div
                    onMouseDown={[Function]}
                    onMouseLeave={[Function]}
                    onMouseUp={[Function]}
                    onTouchEnd={[Function]}
                    onTouchStart={[Function]}
                  >
                    <div
                      style={
                        Object {
                          "backgroundColor": false,
                          "borderRadius": 2,
                          "height": 36,
                          "muiPrepared": true,
                          "top": 0,
                          "transition": "all 450ms cubic-bezier(0.23, 1, 0.32, 1) 0ms",
                        }
                      }
                    >
                      <span
                        style={
                          Object {
                            "color": "rgba(0, 0, 0, 0.87)",
                            "fontSize": 14,
                            "fontWeight": 500,
                            "letterSpacing": 0,
                            "margin": 0,
                            "muiPrepared": true,
                            "opacity": 1,
                            "paddingLeft": 16,
                            "paddingRight": 16,
                            "position": "relative",
                            "textTransform": "uppercase",
                            "userSelect": "none",
                          }
                        }
                      >
                        login
                      </span>
                    </div>
                  </div>
                </a>
              </div>
              <span
                className="spacer"
              />
              <div
                className={undefined}
                style={
                  Object {
                    "WebkitTapHighlightColor": "rgba(0,0,0,0)",
                    "backgroundColor": "#ffffff",
                    "borderRadius": 2,
                    "boxShadow": "0 1px 6px rgba(0, 0, 0, 0.12),
                           0 1px 4px rgba(0, 0, 0, 0.12)",
                    "boxSizing": "border-box",
                    "color": "rgba(0, 0, 0, 0.87)",
                    "display": "inline-block",
                    "fontFamily": "Roboto, sans-serif",
                    "minWidth": 88,
                    "muiPrepared": true,
                    "transition": "all 450ms cubic-bezier(0.23, 1, 0.32, 1) 0ms",
                  }
                }
              >
                <a
                  disabled={false}
                  href="/register"
                  onBlur={[Function]}
                  onClick={[Function]}
                  onFocus={[Function]}
                  onKeyDown={[Function]}
                  onKeyUp={[Function]}
                  onMouseDown={[Function]}
                  onMouseEnter={[Function]}
                  onMouseLeave={[Function]}
                  onMouseUp={[Function]}
                  onTouchEnd={[Function]}
                  onTouchStart={[Function]}
                  style={
                    Object {
                      "WebkitTapHighlightColor": "rgba(0, 0, 0, 0)",
                      "backgroundColor": "#ffffff",
                      "border": 10,
                      "borderRadius": 2,
                      "boxSizing": "border-box",
                      "cursor": "pointer",
                      "display": "inline-block",
                      "fontFamily": "Roboto, sans-serif",
                      "fontSize": "inherit",
                      "fontWeight": "inherit",
                      "height": 36,
                      "lineHeight": "36px",
                      "margin": 0,
                      "muiPrepared": true,
                      "outline": "none",
                      "padding": 0,
                      "position": "relative",
                      "textAlign": "center",
                      "textDecoration": "none",
                      "transition": "all 450ms cubic-bezier(0.23, 1, 0.32, 1) 0ms",
                      "verticalAlign": null,
                      "width": "100%",
                    }
                  }
                  tabIndex={0}
                >
                  <div
                    onMouseDown={[Function]}
                    onMouseLeave={[Function]}
                    onMouseUp={[Function]}
                    onTouchEnd={[Function]}
                    onTouchStart={[Function]}
                  >
                    <div
                      style={
                        Object {
                          "backgroundColor": false,
                          "borderRadius": 2,
                          "height": 36,
                          "muiPrepared": true,
                          "top": 0,
                          "transition": "all 450ms cubic-bezier(0.23, 1, 0.32, 1) 0ms",
                        }
                      }
                    >
                      <span
                        style={
                          Object {
                            "color": "rgba(0, 0, 0, 0.87)",
                            "fontSize": 14,
                            "fontWeight": 500,
                            "letterSpacing": 0,
                            "margin": 0,
                            "muiPrepared": true,
                            "opacity": 1,
                            "paddingLeft": 16,
                            "paddingRight": 16,
                            "position": "relative",
                            "textTransform": "uppercase",
                            "userSelect": "none",
                          }
                        }
                      >
                        register
                      </span>
                    </div>
                  </div>
                </a>
              </div>
            </div>
          </div>
        </div>
      </div>
    </div>
  </div>
  <div
    className="child"
  />
  <div
    className="root"
  >
    <div
      className="container"
    >
      <span
        className="text"
      >
        © DudeTruck
      </span>
      <span
        className="spacer"
      >
        ·
      </span>
      <a
        className="link"
        href="/privacy"
        onClick={[Function]}
      >
        Privacy
      </a>
      <span
        className="spacer"
      >
        ·
      </span>
      <a
        className="link"
        href="/contact"
        onClick={[Function]}
      >
        Contact Us
      </a>
      <span
        className="spacer"
      >
        ·
      </span>
      <a
        className="link"
        href="/help"
        onClick={[Function]}
      >
        Help
      </a>
    </div>
  </div>
</div>
`;
